2026-06-02T13:11:25+00:00 ERROR 
(6a1ed67d83696) ==== Stripe Tax Version: 2.0.3 ====
(6a1ed67d83696) ==== Start Log ====
(6a1ed67d83696) Error message: 
	Invalid tax location address
(6a1ed67d83696) ==== End Log ====

2026-06-02T13:11:27+00:00 ERROR 
(6a1ed67f493d4) ==== Stripe Tax Version: 2.0.3 ====
(6a1ed67f493d4) ==== Start Log ====
(6a1ed67f493d4) Error message: 
	Invalid tax location address
(6a1ed67f493d4) ==== End Log ====

2026-06-02T13:11:32+00:00 ERROR 
(6a1ed684e851b) ==== Stripe Tax Version: 2.0.3 ====
(6a1ed684e851b) ==== Start Log ====
(6a1ed684e851b) Error message: 
	Invalid tax location address
(6a1ed684e851b) ==== End Log ====

2026-06-02T13:11:34+00:00 ERROR 
(6a1ed68671e8b) ==== Stripe Tax Version: 2.0.3 ====
(6a1ed68671e8b) ==== Start Log ====
(6a1ed68671e8b) Error message: 
	Invalid tax location address
(6a1ed68671e8b) ==== End Log ====

2026-06-02T13:11:49+00:00 ERROR 
(6a1ed695ca5dc) ==== Stripe Tax Version: 2.0.3 ====
(6a1ed695ca5dc) ==== Start Log ====
(6a1ed695ca5dc) Error message: 
	Invalid tax location address
(6a1ed695ca5dc) ==== End Log ====

2026-06-02T13:12:03+00:00 ERROR 
(6a1ed6a3bd310) ==== Stripe Tax Version: 2.0.3 ====
(6a1ed6a3bd310) ==== Start Log ====
(6a1ed6a3bd310) Error message: 
	Invalid tax location address
(6a1ed6a3bd310) ==== End Log ====

2026-06-02T13:12:34+00:00 ERROR 
(6a1ed6c2a13af) ==== Stripe Tax Version: 2.0.3 ====
(6a1ed6c2a13af) ==== Start Log ====
(6a1ed6c2a13af) Error message: 
	Invalid tax location address
(6a1ed6c2a13af) ==== End Log ====

2026-06-02T13:12:37+00:00 ERROR 
(6a1ed6c547e35) ==== Stripe Tax Version: 2.0.3 ====
(6a1ed6c547e35) ==== Start Log ====
(6a1ed6c547e35) Error message: 
	Invalid tax location address
(6a1ed6c547e35) ==== End Log ====

2026-06-02T13:42:07+00:00 ERROR 
(6a1eddaf49315) ==== Stripe Tax Version: 2.0.3 ====
(6a1eddaf49315) ==== Start Log ====
(6a1eddaf49315) Error message: 
	Invalid tax location address
(6a1eddaf49315) ==== End Log ====

2026-06-02T13:42:08+00:00 ERROR 
(6a1eddb0c99f5) ==== Stripe Tax Version: 2.0.3 ====
(6a1eddb0c99f5) ==== Start Log ====
(6a1eddb0c99f5) Error message: 
	Invalid tax location address
(6a1eddb0c99f5) ==== End Log ====

