2026-06-05T12:03:31+00:00 ERROR 
(6a22bb13d278c) ==== Stripe Tax Version: 2.0.3 ====
(6a22bb13d278c) ==== Start Log ====
(6a22bb13d278c) Error message: 
	Invalid tax location address
(6a22bb13d278c) ==== End Log ====

2026-06-05T12:03:34+00:00 ERROR 
(6a22bb16361e1) ==== Stripe Tax Version: 2.0.3 ====
(6a22bb16361e1) ==== Start Log ====
(6a22bb16361e1) Error message: 
	Invalid tax location address
(6a22bb16361e1) ==== End Log ====

2026-06-05T12:03:42+00:00 ERROR 
(6a22bb1e76c4d) ==== Stripe Tax Version: 2.0.3 ====
(6a22bb1e76c4d) ==== Start Log ====
(6a22bb1e76c4d) Error message: 
	Invalid tax location address
(6a22bb1e76c4d) ==== End Log ====

2026-06-05T12:03:44+00:00 ERROR 
(6a22bb20a9182) ==== Stripe Tax Version: 2.0.3 ====
(6a22bb20a9182) ==== Start Log ====
(6a22bb20a9182) Error message: 
	Invalid tax location address
(6a22bb20a9182) ==== End Log ====

2026-06-05T12:03:49+00:00 ERROR 
(6a22bb251407b) ==== Stripe Tax Version: 2.0.3 ====
(6a22bb251407b) ==== Start Log ====
(6a22bb251407b) Error message: 
	Invalid tax location address
(6a22bb251407b) ==== End Log ====

